[18-Nov-2025 12:13:16 Europe/Berlin] PHP Fatal error:  Uncaught Error: Class "Model_Categorias" not found in C:\xampp\htdocs\WhatsTheCup\app\views\user-views\Us-Infografia.php:5
Stack trace:
#0 C:\xampp\htdocs\WhatsTheCup\index.php(127): require_once()
#1 {main}
  thrown in C:\xampp\htdocs\WhatsTheCup\app\views\user-views\Us-Infografia.php on line 5
[18-Nov-2025 12:13:21 Europe/Berlin] PHP Fatal error:  Uncaught Error: Class "Model_Categorias" not found in C:\xampp\htdocs\WhatsTheCup\app\views\user-views\Us-Infografia.php:5
Stack trace:
#0 C:\xampp\htdocs\WhatsTheCup\index.php(127): require_once()
#1 {main}
  thrown in C:\xampp\htdocs\WhatsTheCup\app\views\user-views\Us-Infografia.php on line 5
[18-Nov-2025 12:16:02 Europe/Berlin] PHP Fatal error:  Uncaught Error: Class "Model_Categorias" not found in C:\xampp\htdocs\WhatsTheCup\app\views\user-views\Us-Infografia.php:5
Stack trace:
#0 C:\xampp\htdocs\WhatsTheCup\index.php(127): require_once()
#1 {main}
  thrown in C:\xampp\htdocs\WhatsTheCup\app\views\user-views\Us-Infografia.php on line 5
[18-Nov-2025 12:16:04 Europe/Berlin] PHP Fatal error:  Uncaught Error: Class "Model_Categorias" not found in C:\xampp\htdocs\WhatsTheCup\app\views\user-views\Us-Infografia.php:5
Stack trace:
#0 C:\xampp\htdocs\WhatsTheCup\index.php(127): require_once()
#1 {main}
  thrown in C:\xampp\htdocs\WhatsTheCup\app\views\user-views\Us-Infografia.php on line 5
[18-Nov-2025 14:20:22 Europe/Berlin] PHP Fatal error:  Uncaught Error: Class "Model_Categorias" not found in C:\xampp\htdocs\WhatsTheCup\app\views\user-views\Us-Infografia.php:5
Stack trace:
#0 C:\xampp\htdocs\WhatsTheCup\index.php(127): require_once()
#1 {main}
  thrown in C:\xampp\htdocs\WhatsTheCup\app\views\user-views\Us-Infografia.php on line 5
[18-Nov-2025 14:20:58 Europe/Berlin] PHP Fatal error:  Uncaught Error: Class "Model_Categorias" not found in C:\xampp\htdocs\WhatsTheCup\app\views\user-views\Us-Infografia.php:5
Stack trace:
#0 C:\xampp\htdocs\WhatsTheCup\index.php(127): require_once()
#1 {main}
  thrown in C:\xampp\htdocs\WhatsTheCup\app\views\user-views\Us-Infografia.php on line 5
[18-Nov-2025 14:34:05 Europe/Berlin] PHP Fatal error:  Uncaught Error: Class "Model_Categorias" not found in C:\xampp\htdocs\WhatsTheCup\app\views\user-views\Us-Infografia.php:5
Stack trace:
#0 C:\xampp\htdocs\WhatsTheCup\index.php(127): require_once()
#1 {main}
  thrown in C:\xampp\htdocs\WhatsTheCup\app\views\user-views\Us-Infografia.php on line 5
[18-Nov-2025 14:34:06 Europe/Berlin] PHP Fatal error:  Uncaught Error: Class "Model_Categorias" not found in C:\xampp\htdocs\WhatsTheCup\app\views\user-views\Us-Infografia.php:5
Stack trace:
#0 C:\xampp\htdocs\WhatsTheCup\index.php(127): require_once()
#1 {main}
  thrown in C:\xampp\htdocs\WhatsTheCup\app\views\user-views\Us-Infografia.php on line 5
[18-Nov-2025 14:34:07 Europe/Berlin] PHP Fatal error:  Uncaught Error: Class "Model_Categorias" not found in C:\xampp\htdocs\WhatsTheCup\app\views\user-views\Us-Infografia.php:5
Stack trace:
#0 C:\xampp\htdocs\WhatsTheCup\index.php(127): require_once()
#1 {main}
  thrown in C:\xampp\htdocs\WhatsTheCup\app\views\user-views\Us-Infografia.php on line 5
[18-Nov-2025 14:34:08 Europe/Berlin] PHP Fatal error:  Uncaught Error: Class "Model_Categorias" not found in C:\xampp\htdocs\WhatsTheCup\app\views\user-views\Us-Infografia.php:5
Stack trace:
#0 C:\xampp\htdocs\WhatsTheCup\index.php(127): require_once()
#1 {main}
  thrown in C:\xampp\htdocs\WhatsTheCup\app\views\user-views\Us-Infografia.php on line 5
[18-Nov-2025 14:34:08 Europe/Berlin] PHP Fatal error:  Uncaught Error: Class "Model_Categorias" not found in C:\xampp\htdocs\WhatsTheCup\app\views\user-views\Us-Infografia.php:5
Stack trace:
#0 C:\xampp\htdocs\WhatsTheCup\index.php(127): require_once()
#1 {main}
  thrown in C:\xampp\htdocs\WhatsTheCup\app\views\user-views\Us-Infografia.php on line 5
[18-Nov-2025 14:34:08 Europe/Berlin] PHP Fatal error:  Uncaught Error: Class "Model_Categorias" not found in C:\xampp\htdocs\WhatsTheCup\app\views\user-views\Us-Infografia.php:5
Stack trace:
#0 C:\xampp\htdocs\WhatsTheCup\index.php(127): require_once()
#1 {main}
  thrown in C:\xampp\htdocs\WhatsTheCup\app\views\user-views\Us-Infografia.php on line 5
[18-Nov-2025 14:34:09 Europe/Berlin] PHP Fatal error:  Uncaught Error: Class "Model_Categorias" not found in C:\xampp\htdocs\WhatsTheCup\app\views\user-views\Us-Infografia.php:5
Stack trace:
#0 C:\xampp\htdocs\WhatsTheCup\index.php(127): require_once()
#1 {main}
  thrown in C:\xampp\htdocs\WhatsTheCup\app\views\user-views\Us-Infografia.php on line 5
[18-Nov-2025 14:34:12 Europe/Berlin] PHP Fatal error:  Uncaught Error: Class "Model_Categorias" not found in C:\xampp\htdocs\WhatsTheCup\app\views\user-views\Us-Infografia.php:5
Stack trace:
#0 C:\xampp\htdocs\WhatsTheCup\index.php(127): require_once()
#1 {main}
  thrown in C:\xampp\htdocs\WhatsTheCup\app\views\user-views\Us-Infografia.php on line 5
[18-Nov-2025 14:34:14 Europe/Berlin] PHP Fatal error:  Uncaught Error: Class "Model_Categorias" not found in C:\xampp\htdocs\WhatsTheCup\app\views\user-views\Us-Infografia.php:5
Stack trace:
#0 C:\xampp\htdocs\WhatsTheCup\index.php(127): require_once()
#1 {main}
  thrown in C:\xampp\htdocs\WhatsTheCup\app\views\user-views\Us-Infografia.php on line 5
[18-Nov-2025 14:34:18 Europe/Berlin] PHP Fatal error:  Uncaught Error: Class "Model_Categorias" not found in C:\xampp\htdocs\WhatsTheCup\app\views\user-views\Us-Infografia.php:5
Stack trace:
#0 C:\xampp\htdocs\WhatsTheCup\index.php(127): require_once()
#1 {main}
  thrown in C:\xampp\htdocs\WhatsTheCup\app\views\user-views\Us-Infografia.php on line 5
[18-Nov-2025 14:34:48 Europe/Berlin] PHP Fatal error:  Uncaught Error: Class "Model_Categorias" not found in C:\xampp\htdocs\WhatsTheCup\app\views\user-views\Us-Infografia.php:5
Stack trace:
#0 C:\xampp\htdocs\WhatsTheCup\index.php(127): require_once()
#1 {main}
  thrown in C:\xampp\htdocs\WhatsTheCup\app\views\user-views\Us-Infografia.php on line 5
[18-Nov-2025 14:34:49 Europe/Berlin] PHP Fatal error:  Uncaught Error: Class "Model_Categorias" not found in C:\xampp\htdocs\WhatsTheCup\app\views\user-views\Us-Infografia.php:5
Stack trace:
#0 C:\xampp\htdocs\WhatsTheCup\index.php(127): require_once()
#1 {main}
  thrown in C:\xampp\htdocs\WhatsTheCup\app\views\user-views\Us-Infografia.php on line 5
[18-Nov-2025 14:34:49 Europe/Berlin] PHP Fatal error:  Uncaught Error: Class "Model_Categorias" not found in C:\xampp\htdocs\WhatsTheCup\app\views\user-views\Us-Infografia.php:5
Stack trace:
#0 C:\xampp\htdocs\WhatsTheCup\index.php(127): require_once()
#1 {main}
  thrown in C:\xampp\htdocs\WhatsTheCup\app\views\user-views\Us-Infografia.php on line 5
[18-Nov-2025 14:34:50 Europe/Berlin] PHP Fatal error:  Uncaught Error: Class "Model_Categorias" not found in C:\xampp\htdocs\WhatsTheCup\app\views\user-views\Us-Infografia.php:5
Stack trace:
#0 C:\xampp\htdocs\WhatsTheCup\index.php(127): require_once()
#1 {main}
  thrown in C:\xampp\htdocs\WhatsTheCup\app\views\user-views\Us-Infografia.php on line 5
[18-Nov-2025 14:36:24 Europe/Berlin] PHP Fatal error:  Uncaught Error: Class "Model_Categorias" not found in C:\xampp\htdocs\WhatsTheCup\app\views\user-views\Us-Infografia.php:5
Stack trace:
#0 C:\xampp\htdocs\WhatsTheCup\index.php(127): require_once()
#1 {main}
  thrown in C:\xampp\htdocs\WhatsTheCup\app\views\user-views\Us-Infografia.php on line 5
[18-Nov-2025 14:36:25 Europe/Berlin] PHP Fatal error:  Uncaught Error: Class "Model_Categorias" not found in C:\xampp\htdocs\WhatsTheCup\app\views\user-views\Us-Infografia.php:5
Stack trace:
#0 C:\xampp\htdocs\WhatsTheCup\index.php(127): require_once()
#1 {main}
  thrown in C:\xampp\htdocs\WhatsTheCup\app\views\user-views\Us-Infografia.php on line 5
[18-Nov-2025 14:36:28 Europe/Berlin] PHP Fatal error:  Uncaught Error: Class "Model_Categorias" not found in C:\xampp\htdocs\WhatsTheCup\app\views\user-views\Us-Infografia.php:5
Stack trace:
#0 C:\xampp\htdocs\WhatsTheCup\index.php(127): require_once()
#1 {main}
  thrown in C:\xampp\htdocs\WhatsTheCup\app\views\user-views\Us-Infografia.php on line 5
[18-Nov-2025 14:36:29 Europe/Berlin] PHP Fatal error:  Uncaught Error: Class "Model_Categorias" not found in C:\xampp\htdocs\WhatsTheCup\app\views\user-views\Us-Infografia.php:5
Stack trace:
#0 C:\xampp\htdocs\WhatsTheCup\index.php(127): require_once()
#1 {main}
  thrown in C:\xampp\htdocs\WhatsTheCup\app\views\user-views\Us-Infografia.php on line 5
[18-Nov-2025 14:36:31 Europe/Berlin] PHP Fatal error:  Uncaught Error: Class "Model_Categorias" not found in C:\xampp\htdocs\WhatsTheCup\app\views\user-views\Us-Infografia.php:5
Stack trace:
#0 C:\xampp\htdocs\WhatsTheCup\index.php(127): require_once()
#1 {main}
  thrown in C:\xampp\htdocs\WhatsTheCup\app\views\user-views\Us-Infografia.php on line 5
[18-Nov-2025 14:49:42 Europe/Berlin] PHP Warning:  Undefined variable $categorias in C:\xampp\htdocs\WhatsTheCup\app\controllers\obtener_mundiales_modal.php on line 44
[18-Nov-2025 15:24:56 Europe/Berlin] PHP Fatal error:  Uncaught Error: Class "Model_Categorias" not found in C:\xampp\htdocs\WhatsTheCup\app\controllers\obtener_mundiales_modal.php:32
Stack trace:
#0 C:\xampp\htdocs\WhatsTheCup\index.php(111): require_once()
#1 {main}
  thrown in C:\xampp\htdocs\WhatsTheCup\app\controllers\obtener_mundiales_modal.php on line 32
[18-Nov-2025 15:31:04 Europe/Berlin] PHP Fatal error:  Uncaught Error: Class "Model_Categorias" not found in C:\xampp\htdocs\WhatsTheCup\app\controllers\obtener_mundiales_modal.php:32
Stack trace:
#0 C:\xampp\htdocs\WhatsTheCup\index.php(111): require_once()
#1 {main}
  thrown in C:\xampp\htdocs\WhatsTheCup\app\controllers\obtener_mundiales_modal.php on line 32
[18-Nov-2025 15:31:57 Europe/Berlin] PHP Fatal error:  Uncaught Error: Class "Model_Categorias" not found in C:\xampp\htdocs\WhatsTheCup\app\controllers\obtener_mundiales_modal.php:32
Stack trace:
#0 C:\xampp\htdocs\WhatsTheCup\index.php(111): require_once()
#1 {main}
  thrown in C:\xampp\htdocs\WhatsTheCup\app\controllers\obtener_mundiales_modal.php on line 32
[18-Nov-2025 15:37:07 Europe/Berlin] PHP Parse error:  syntax error, unexpected token "," in C:\xampp\htdocs\WhatsTheCup\app\controllers\agregar_publicacion.php on line 55
[18-Nov-2025 16:45:44 Europe/Berlin] Error PDO en Model_Publicacion::registrarPublicacion: SQLSTATE[HY000]: General error: 1364 Field 'FECHA_APROBACION' doesn't have a default value
[18-Nov-2025 16:49:45 Europe/Berlin] Error PDO en Model_Publicacion::registrarPublicacion: SQLSTATE[HY000]: General error: 1364 Field 'FECHA_APROBACION' doesn't have a default value
[18-Nov-2025 16:54:37 Europe/Berlin] Error PDO en Model_Publicacion::registrarPublicacion: SQLSTATE[23000]: Integrity constraint violation: 1452 Cannot add or update a child row: a foreign key constraint fails (`wtc`.`publicacion`, CONSTRAINT `publicacion_ibfk_4` FOREIGN KEY (`categoria_id`) REFERENCES `categoria` (`ID_CATEGORIA`))
[18-Nov-2025 20:45:17 Europe/Berlin] ⚡ Controlador publicaciones_pendientes cargado
[18-Nov-2025 20:45:46 Europe/Berlin] ⚡ Controlador publicaciones_pendientes cargado
[18-Nov-2025 20:46:03 Europe/Berlin] ⚡ Controlador publicaciones_pendientes cargado
[18-Nov-2025 20:48:32 Europe/Berlin] ⚡ Controlador publicaciones_pendientes cargado
[18-Nov-2025 21:14:01 Europe/Berlin] ⚡ Controlador publicaciones_pendientes cargado
[18-Nov-2025 21:14:09 Europe/Berlin] PHP Parse error:  syntax error, unexpected end of file in C:\xampp\htdocs\WhatsTheCup\app\controllers\aprobar_rechazar_publicacion.php on line 28
[18-Nov-2025 21:14:20 Europe/Berlin] PHP Parse error:  syntax error, unexpected end of file in C:\xampp\htdocs\WhatsTheCup\app\controllers\aprobar_rechazar_publicacion.php on line 28
[18-Nov-2025 21:14:21 Europe/Berlin] ⚡ Controlador publicaciones_pendientes cargado
[18-Nov-2025 21:14:22 Europe/Berlin] ⚡ Controlador publicaciones_pendientes cargado
[18-Nov-2025 21:14:40 Europe/Berlin] PHP Parse error:  syntax error, unexpected end of file in C:\xampp\htdocs\WhatsTheCup\app\controllers\aprobar_rechazar_publicacion.php on line 28
[18-Nov-2025 21:14:45 Europe/Berlin] ⚡ Controlador publicaciones_pendientes cargado
[18-Nov-2025 21:14:46 Europe/Berlin] PHP Parse error:  syntax error, unexpected end of file in C:\xampp\htdocs\WhatsTheCup\app\controllers\aprobar_rechazar_publicacion.php on line 28
[18-Nov-2025 21:14:47 Europe/Berlin] ⚡ Controlador publicaciones_pendientes cargado
[18-Nov-2025 21:15:11 Europe/Berlin] ⚡ Controlador publicaciones_pendientes cargado
[18-Nov-2025 21:15:12 Europe/Berlin] PHP Parse error:  syntax error, unexpected end of file in C:\xampp\htdocs\WhatsTheCup\app\controllers\aprobar_rechazar_publicacion.php on line 28
[18-Nov-2025 21:15:16 Europe/Berlin] ⚡ Controlador publicaciones_pendientes cargado
[18-Nov-2025 21:16:49 Europe/Berlin] ⚡ Controlador publicaciones_pendientes cargado
[18-Nov-2025 21:16:51 Europe/Berlin] PHP Parse error:  syntax error, unexpected end of file in C:\xampp\htdocs\WhatsTheCup\app\controllers\aprobar_rechazar_publicacion.php on line 28
[18-Nov-2025 21:20:19 Europe/Berlin] PHP Warning:  require_once(C:\xampp\htdocs\WhatsTheCup/app/models/aprobar_rechazar_publicacion.php): Failed to open stream: No such file or directory in C:\xampp\htdocs\WhatsTheCup\app\controllers\aprobar_rechazar_publicacion.php on line 3
[18-Nov-2025 21:20:19 Europe/Berlin] PHP Fatal error:  Uncaught Error: Failed opening required 'C:\xampp\htdocs\WhatsTheCup/app/models/aprobar_rechazar_publicacion.php' (include_path='C:\xampp\php\PEAR') in C:\xampp\htdocs\WhatsTheCup\app\controllers\aprobar_rechazar_publicacion.php:3
Stack trace:
#0 C:\xampp\htdocs\WhatsTheCup\index.php(124): require_once()
#1 {main}
  thrown in C:\xampp\htdocs\WhatsTheCup\app\controllers\aprobar_rechazar_publicacion.php on line 3
[18-Nov-2025 21:20:20 Europe/Berlin] ⚡ Controlador publicaciones_pendientes cargado
[18-Nov-2025 21:20:22 Europe/Berlin] PHP Warning:  require_once(C:\xampp\htdocs\WhatsTheCup/app/models/aprobar_rechazar_publicacion.php): Failed to open stream: No such file or directory in C:\xampp\htdocs\WhatsTheCup\app\controllers\aprobar_rechazar_publicacion.php on line 3
[18-Nov-2025 21:20:22 Europe/Berlin] PHP Fatal error:  Uncaught Error: Failed opening required 'C:\xampp\htdocs\WhatsTheCup/app/models/aprobar_rechazar_publicacion.php' (include_path='C:\xampp\php\PEAR') in C:\xampp\htdocs\WhatsTheCup\app\controllers\aprobar_rechazar_publicacion.php:3
Stack trace:
#0 C:\xampp\htdocs\WhatsTheCup\index.php(124): require_once()
#1 {main}
  thrown in C:\xampp\htdocs\WhatsTheCup\app\controllers\aprobar_rechazar_publicacion.php on line 3
